Microchip MPLAB XC8 Compiler V1.37 ()

Linker command line:

-W-3 --edf=C:\Program Files (x86)\Microchip\xc8\v1.37\dat\en_msgs.txt -cs \
  -h+dist/default/production\Assignment1Mech2.production.sym \
  --cmf=dist/default/production\Assignment1Mech2.production.cmf -z \
  -Q16F877A -oC:\Users\JohnMac\AppData\Local\Temp\s3a0.2 \
  -Mdist/default/production/Assignment1Mech2.production.map -E1 -ver=XC8 \
  -ASTACK=0110h-016fh -pstack=STACK -ACODE=00h-07FFhx4 -ASTRCODE=00h-01FFFh \
  -ASTRING=00h-0FFhx32 -ACONST=00h-0FFhx32 -AENTRY=00h-0FFhx32 \
  -ACOMMON=070h-07Fh -ABANK0=020h-06Fh -ABANK1=0A0h-0EFh \
  -ABANK2=0110h-016Fh -ABANK3=0190h-01EFh \
  -ARAM=020h-06Fh,0A0h-0EFh,0110h-016Fh,0190h-01EFh \
  -AABS1=020h-07Fh,0A0h-0EFh,0110h-016Fh,0190h-01EFh -ASFR0=00h-01Fh \
  -ASFR1=080h-09Fh -ASFR2=0100h-010Fh -ASFR3=0180h-018Fh \
  -preset_vec=00h,intentry=04h,init,end_init -ppowerup=CODE -pcinit=CODE \
  -pfunctab=CODE -ACONFIG=02007h-02007h -pconfig=CONFIG -DCONFIG=2 \
  -AIDLOC=02000h-02003h -pidloc=IDLOC -DIDLOC=2 -AEEDATA=00h-0FFh/02100h \
  -peeprom_data=EEDATA -DEEDATA=2 -DCODE=2 -DSTRCODE=2 -DSTRING=2 -DCONST=2 \
  -DENTRY=2 -k C:\Users\JohnMac\AppData\Local\Temp\s3a0.obj \
  dist/default/production\Assignment1Mech2.production.obj 

Object code version is 3.11

Machine type is 16F877A



                Name                               Link     Load   Length Selector   Space Scale
C:\Users\JohnMac\AppData\Local\Temp\s3a0.obj
                end_init                             12       12        3        8       0
                reset_vec                             0        0        3        0       0
                config                             2007     2007        1     400E       0
dist/default/production\Assignment1Mech2.production.obj
                cinit                                15       15       20        8       0
                intentry                              4        4        E        8       0
                text31                              F53      F53       4E     1EA6       0
                text30                              DB6      DB6       18     1B6C       0
                text29                              D30      D30        D     1A60       0
                text28                              E41      E41       25     1C82       0
                text27                              DA1      DA1       15     1B42       0
                text26                              D8D      D8D       14     1B1A       0
                text25                              D1D      D1D        9     1A3A       0
                text24                              E1E      E1E       23     1C3C       0
                text23                              D7A      D7A       13     1AF4       0
                text22                              678      678       88        8       0
                text21                              DE6      DE6       1C     1BCC       0
                text20                              D4B      D4B        F     1A96       0
                text19                              7CE      7CE       2B        8       0
                text18                              E02      E02       1C     1C04       0
                text17                              700      700       6E        8       0
                text16                              3FA      3FA       B8        8       0
                text15                              FA1      FA1       5F     1F42       0
                text14                              5ED      5ED       8B        8       0
                text13                               35       35      109        8       0
                text12                              D26      D26        A     1A4C       0
                text11                              EC7      EC7       42     1D8E       0
                text10                              55F      55F       8E        8       0
                text9                               E8B      E8B       3C     1D16       0
                text8                               F09      F09       4A     1E12       0
                text7                               76E      76E       60        8       0
                text6                               238      238       EF        8       0
                text5                               E66      E66       25     1CCC       0
                text4                               327      327       D3        8       0
                text3                               D5A      D5A        F     1AB4       0
                text2                               13E      13E       FA        8       0
                text1                               D3D      D3D        E     1A7A       0
                maintext                            4B2      4B2       AD        8       0
                cstackBANK0                          20       20       50       20       1
                cstackCOMMON                         72       72        5       70       1
                cstackBANK1                          A0       A0       19       A0       1
                inittext                            D69      D69       11     1AD2       0
                dataBANK1                            B9       B9       18       A0       1
                bssBANK1                             D1       D1        9       A0       1
                bssCOMMON                            77       77        3       70       1
                bitbssCOMMON                        380       70        B       70       1     8
                idataBANK1                          DCE      DCE       18     1B9C       0

TOTAL           Name                               Link     Load   Length     Space
        CLASS   STACK          

        CLASS   CODE           
                end_init                             12       12        3         0
                cinit                                15       15       20         0
                intentry                              4        4        E         0
                reset_vec                             0        0        3         0
                text31                              F53      F53       4E         0
                text30                              DB6      DB6       18         0
                text29                              D30      D30        D         0
                text28                              E41      E41       25         0
                text27                              DA1      DA1       15         0
                text26                              D8D      D8D       14         0
                text25                              D1D      D1D        9         0
                text24                              E1E      E1E       23         0
                text23                              D7A      D7A       13         0
                text22                              678      678       88         0
                text21                              DE6      DE6       1C         0
                text20                              D4B      D4B        F         0
                text19                              7CE      7CE       2B         0
                text18                              E02      E02       1C         0
                text17                              700      700       6E         0
                text16                              3FA      3FA       B8         0
                text15                              FA1      FA1       5F         0
                text14                              5ED      5ED       8B         0
                text13                               35       35      109         0
                text12                              D26      D26        A         0
                text11                              EC7      EC7       42         0
                text10                              55F      55F       8E         0
                text9                               E8B      E8B       3C         0
                text8                               F09      F09       4A         0
                text7                               76E      76E       60         0
                text6                               238      238       EF         0
                text5                               E66      E66       25         0
                text4                               327      327       D3         0
                text3                               D5A      D5A        F         0
                text2                               13E      13E       FA         0
                text1                               D3D      D3D        E         0
                maintext                            4B2      4B2       AD         0
                inittext                            D69      D69       11         0
                idataBANK1                          DCE      DCE       18         0

        CLASS   STRCODE        

        CLASS   STRING         

        CLASS   CONST          

        CLASS   ENTRY          

        CLASS   COMMON         
                cstackCOMMON                         72       72        5         1
                bssCOMMON                            77       77        3         1
                bitbssCOMMON                        380       70        B         1

        CLASS   BANK0          
                cstackBANK0                          20       20       50         1

        CLASS   BANK1          
                cstackBANK1                          A0       A0       19         1
                dataBANK1                            B9       B9       18         1
                bssBANK1                             D1       D1        9         1

        CLASS   BANK2          

        CLASS   BANK3          

        CLASS   RAM            

        CLASS   ABS1           
                abs_s1                               7E       7E        2         1

        CLASS   SFR0           

        CLASS   SFR1           

        CLASS   SFR2           

        CLASS   SFR3           

        CLASS   CONFIG         
                config                             2007     2007        1         0

        CLASS   IDLOC          

        CLASS   EEDATA         



SEGMENTS        Name                           Load    Length   Top    Selector   Space  Class     Delta

                reset_vec                      000000  000003  000003         0       0  CODE        2
                intentry                       000004  0007F5  0007F9         8       0  CODE        2
                cstackBANK0                    000020  000050  000070        20       1  BANK0       1
                bitbssCOMMON                   000070  00000A  00007A        70       1  COMMON      1
                cstackBANK1                    0000A0  00003A  0000DA        A0       1  BANK1       1
                text25                         000D1D  000009  000D26      1A3A       0  CODE        2
                text12                         000D26  00000A  000D30      1A4C       0  CODE        2
                text29                         000D30  00000D  000D3D      1A60       0  CODE        2
                text1                          000D3D  00000E  000D4B      1A7A       0  CODE        2
                text20                         000D4B  00000F  000D5A      1A96       0  CODE        2
                text3                          000D5A  00000F  000D69      1AB4       0  CODE        2
                inittext                       000D69  000011  000D7A      1AD2       0  CODE        2
                text23                         000D7A  000013  000D8D      1AF4       0  CODE        2
                text26                         000D8D  000014  000DA1      1B1A       0  CODE        2
                text27                         000DA1  000015  000DB6      1B42       0  CODE        2
                text30                         000DB6  000018  000DCE      1B6C       0  CODE        2
                idataBANK1                     000DCE  000018  000DE6      1B9C       0  CODE        2
                text21                         000DE6  00001C  000E02      1BCC       0  CODE        2
                text18                         000E02  00001C  000E1E      1C04       0  CODE        2
                text24                         000E1E  000023  000E41      1C3C       0  CODE        2
                text28                         000E41  000025  000E66      1C82       0  CODE        2
                text5                          000E66  000025  000E8B      1CCC       0  CODE        2
                text9                          000E8B  00003C  000EC7      1D16       0  CODE        2
                text11                         000EC7  000042  000F09      1D8E       0  CODE        2
                text8                          000F09  00004A  000F53      1E12       0  CODE        2
                text31                         000F53  00004E  000FA1      1EA6       0  CODE        2
                text15                         000FA1  00005F  001000      1F42       0  CODE        2
                config                         002007  000001  002008      400E       0  CONFIG      2


UNUSED ADDRESS RANGES

        Name                Unused          Largest block    Delta
        BANK1            00DA-00EF             16           1
        BANK2            0110-016F             60           1
        BANK3            0190-01EF             60           1
        CODE             0003-0003              1           2
                         07F9-0D1C              7
                         1000-1FFF            800
        COMMON           007A-007D              4           1
        CONST            0003-0003              1           2
                         07F9-0D1C            100
                         1000-1FFF            100
        EEDATA           2100-21FF            100           2
        ENTRY            0003-0003              1           2
                         07F9-0D1C            100
                         1000-1FFF            100
        IDLOC            2000-2003              4           2
        RAM              00DA-00EF             16           1
                         0110-016F             60
                         0190-01EF             60
        SFR0             0000-001F             20           1
        SFR1             0080-009F             20           1
        SFR2             0100-010F             10           1
        SFR3             0180-018F             10           1
        STACK            0110-016F             60           1
        STRCODE          0003-0003              1           2
                         07F9-0D1C            524
                         1000-1FFF           1000
        STRING           0003-0003              1           2
                         07F9-0D1C            100
                         1000-1FFF            100

                                  Symbol Table

?___altoft                       cstackBANK0  0028
?___awtoft                       cstackBANK0  0028
?___ftadd                        cstackBANK0  005A
?___ftdiv                        cstackBANK0  0033
?___ftmul                        cstackBANK0  0028
?___ftneg                        cstackBANK0  0030
?___ftpack                       cstackBANK0  0020
?___fttol                        cstackBANK0  0043
?___wmul                         cstackBANK0  0020
?_readADCData                    cstackBANK0  0020
?_readADCMeter                   cstackBANK0  006D
?_round                          cstackBANK0  0067
?_trunc                          cstackBANK0  0051
_ADCON0                          (abs)        001F
_ADCS2                           (abs)        04FE
_ADFM                            (abs)        04FF
_ADIE                            (abs)        0466
_ADIF                            (abs)        0066
_ADRESH                          (abs)        001E
_ADRESL                          (abs)        009E
_GIE                             (abs)        005F
_GO                              (abs)        00FA
_PCFG0                           (abs)        04F8
_PCFG1                           (abs)        04F9
_PCFG2                           (abs)        04FA
_PCFG3                           (abs)        04FB
_PEIE                            (abs)        005E
_PORTC                           (abs)        0007
_PORTD                           (abs)        0008
_PORTE                           (abs)        0009
_PS0                             (abs)        0408
_PS1                             (abs)        0409
_PS2                             (abs)        040A
_PSA                             (abs)        040B
_RB0                             (abs)        0030
_RB1                             (abs)        0031
_RB2                             (abs)        0032
_RB3                             (abs)        0033
_RB4                             (abs)        0034
_RB5                             (abs)        0035
_RE0                             (abs)        0048
_RE1                             (abs)        0049
_RE2                             (abs)        004A
_T0CS                            (abs)        040D
_T0IF                            (abs)        005A
_T0SE                            (abs)        040C
_TMR0                            (abs)        0001
_TMR0IE                          (abs)        005D
_TRISA                           (abs)        0085
_TRISB                           (abs)        0086
_TRISC                           (abs)        0087
_TRISD                           (abs)        0088
_TRISE                           (abs)        0089
__CFG_BOREN$OFF                  (abs)        0000
__CFG_CP$OFF                     (abs)        0000
__CFG_CPD$OFF                    (abs)        0000
__CFG_FOSC$HS                    (abs)        0000
__CFG_LVP$OFF                    (abs)        0000
__CFG_PWRTE$OFF                  (abs)        0000
__CFG_WDTE$OFF                   (abs)        0000
__CFG_WRT$OFF                    (abs)        0000
__Habs1                          abs1         0000
__Hbank0                         bank0        0000
__Hbank1                         bank1        0000
__Hbank2                         bank2        0000
__Hbank3                         bank3        0000
__HbitbssCOMMON                  bitbssCOMMON 0000
__HbssBANK1                      bssBANK1     0000
__HbssCOMMON                     bssCOMMON    0000
__Hcinit                         cinit        0035
__Hclrtext                       clrtext      0000
__Hcode                          code         0000
__Hcommon                        common       0000
__Hconfig                        config       2008
__HcstackBANK0                   cstackBANK0  0000
__HcstackBANK1                   cstackBANK1  0000
__HcstackCOMMON                  cstackCOMMON 0000
__HdataBANK1                     dataBANK1    0000
__Heeprom_data                   eeprom_data  0000
__Hend_init                      end_init     0015
__Hfunctab                       functab      0000
__HidataBANK1                    idataBANK1   0000
__Hidloc                         idloc        0000
__Hinit                          init         0012
__Hinittext                      inittext     0000
__Hintentry                      intentry     0012
__Hmaintext                      maintext     0000
__Hpowerup                       powerup      0000
__Hram                           ram          0000
__Hreset_vec                     reset_vec    0003
__Hsfr0                          sfr0         0000
__Hsfr1                          sfr1         0000
__Hsfr2                          sfr2         0000
__Hsfr3                          sfr3         0000
__Hspace_0                       (abs)        2008
__Hspace_1                       (abs)        038B
__Hspace_2                       (abs)        0000
__Hspace_3                       (abs)        0000
__Hstack                         stack        0000
__Hstrings                       strings      0000
__Htext                          text         0000
__Labs1                          abs1         0000
__Lbank0                         bank0        0000
__Lbank1                         bank1        0000
__Lbank2                         bank2        0000
__Lbank3                         bank3        0000
__LbitbssCOMMON                  bitbssCOMMON 0000
__LbssBANK1                      bssBANK1     0000
__LbssCOMMON                     bssCOMMON    0000
__Lcinit                         cinit        0015
__Lclrtext                       clrtext      0000
__Lcode                          code         0000
__Lcommon                        common       0000
__Lconfig                        config       2007
__LcstackBANK0                   cstackBANK0  0000
__LcstackBANK1                   cstackBANK1  0000
__LcstackCOMMON                  cstackCOMMON 0000
__LdataBANK1                     dataBANK1    0000
__Leeprom_data                   eeprom_data  0000
__Lend_init                      end_init     0012
__Lfunctab                       functab      0000
__LidataBANK1                    idataBANK1   0000
__Lidloc                         idloc        0000
__Linit                          init         0012
__Linittext                      inittext     0000
__Lintentry                      intentry     0004
__Lmaintext                      maintext     0000
__Lpowerup                       powerup      0000
__Lram                           ram          0000
__Lreset_vec                     reset_vec    0000
__Lsfr0                          sfr0         0000
__Lsfr1                          sfr1         0000
__Lsfr2                          sfr2         0000
__Lsfr3                          sfr3         0000
__Lspace_0                       (abs)        0000
__Lspace_1                       (abs)        0000
__Lspace_2                       (abs)        0000
__Lspace_3                       (abs)        0000
__Lstack                         stack        0000
__Lstrings                       strings      0000
__Ltext                          text         0000
__S0                             (abs)        2008
__S1                             (abs)        00DA
__S2                             (abs)        0000
__S3                             (abs)        0000
___altoft                        text11       0EC7
___altoft@c                      cstackBANK0  0028
___altoft@exp                    cstackBANK0  002E
___altoft@sign                   cstackBANK0  002F
___awtoft                        text5        0E66
___awtoft@c                      cstackBANK0  0028
___awtoft@sign                   cstackBANK0  002D
___ftadd                         text13       0035
___ftadd@exp1                    cstackBANK0  0066
___ftadd@exp2                    cstackBANK0  0065
___ftadd@f1                      cstackBANK0  005A
___ftadd@f2                      cstackBANK0  005D
___ftadd@sign                    cstackBANK0  0064
___ftdiv                         text16       03FA
___ftdiv@cntr                    cstackBANK0  003D
___ftdiv@exp                     cstackBANK0  0041
___ftdiv@f1                      cstackBANK0  0036
___ftdiv@f2                      cstackBANK0  0033
___ftdiv@f3                      cstackBANK0  003E
___ftdiv@sign                    cstackBANK0  0042
___ftge                          text15       0FA1
___ftge@ff1                      cstackBANK0  0020
___ftge@ff2                      cstackBANK0  0023
___ftmul                         text4        0327
___ftmul@cntr                    cstackBANK0  0036
___ftmul@exp                     cstackBANK0  0032
___ftmul@f1                      cstackBANK0  0028
___ftmul@f2                      cstackBANK0  002B
___ftmul@f3_as_product           cstackBANK0  0033
___ftmul@sign                    cstackBANK0  0037
___ftneg                         text12       0D26
___ftneg@f1                      cstackBANK0  0030
___ftpack                        text17       0700
___ftpack@arg                    cstackBANK0  0020
___ftpack@exp                    cstackBANK0  0023
___ftpack@sign                   cstackBANK0  0024
___fttol                         text10       055F
___fttol@exp1                    cstackBANK0  0050
___fttol@f1                      cstackBANK0  0043
___fttol@lval                    cstackBANK0  004C
___fttol@sign1                   cstackBANK0  004B
___int_sp                        stack        0000
___latbits                       (abs)        0002
___sp                            stack        0000
___wmul                          text24       0E1E
___wmul@multiplicand             cstackBANK0  0022
___wmul@multiplier               cstackBANK0  0020
___wmul@product                  cstackBANK0  0024
__end_of___altoft                text11       0F09
__end_of___awtoft                text5        0E8B
__end_of___ftadd                 text13       013E
__end_of___ftdiv                 text16       04B2
__end_of___ftge                  text15       1000
__end_of___ftmul                 text4        03FA
__end_of___ftneg                 text12       0D30
__end_of___ftpack                text17       076E
__end_of___fttol                 text10       05ED
__end_of___wmul                  text24       0E41
__end_of__initialization         cinit        0031
__end_of_debounceButtons         text31       0FA1
__end_of_flashLed                text30       0DCE
__end_of_frexp                   text9        0EC7
__end_of_initialise              text18       0E1E
__end_of_initializeADC           text27       0DB6
__end_of_initializeMotor         text21       0E02
__end_of_initializeTimer0        text20       0D5A
__end_of_isr                     text28       0E66
__end_of_lcdRefresh              text29       0D3D
__end_of_lcdSetCursor            text25       0D26
__end_of_lcdWriteControl         text26       0DA1
__end_of_lcdWriteData            text23       0D8D
__end_of_lcdWriteToDigitBCD      text22       0700
__end_of_main                    maintext     055F
__end_of_move                    text14       0678
__end_of_moveDeg                 text6        0327
__end_of_readADCData             text3        0D69
__end_of_readADCMeter            text2        0238
__end_of_round                   text7        07CE
__end_of_setupLCD                text19       07F9
__end_of_startADCConversion      text1        0D4B
__end_of_trunc                   text8        0F53
__initialization                 cinit        0015
__pbitbssCOMMON                  bitbssCOMMON 0380
__pbssBANK1                      bssBANK1     00D1
__pbssCOMMON                     bssCOMMON    0077
__pcstackBANK0                   cstackBANK0  0020
__pcstackBANK1                   cstackBANK1  00A0
__pcstackCOMMON                  cstackCOMMON 0072
__pdataBANK1                     dataBANK1    00B9
__pidataBANK1                    idataBANK1   0DCE
__pintentry                      intentry     0004
__pmaintext                      maintext     04B2
__ptext1                         text1        0D3D
__ptext10                        text10       055F
__ptext11                        text11       0EC7
__ptext12                        text12       0D26
__ptext13                        text13       0035
__ptext14                        text14       05ED
__ptext15                        text15       0FA1
__ptext16                        text16       03FA
__ptext17                        text17       0700
__ptext18                        text18       0E02
__ptext19                        text19       07CE
__ptext2                         text2        013E
__ptext20                        text20       0D4B
__ptext21                        text21       0DE6
__ptext22                        text22       0678
__ptext23                        text23       0D7A
__ptext24                        text24       0E1E
__ptext25                        text25       0D1D
__ptext26                        text26       0D8D
__ptext27                        text27       0DA1
__ptext28                        text28       0E41
__ptext29                        text29       0D30
__ptext3                         text3        0D5A
__ptext30                        text30       0DB6
__ptext31                        text31       0F53
__ptext4                         text4        0327
__ptext5                         text5        0E66
__ptext6                         text6        0238
__ptext7                         text7        076E
__ptext8                         text8        0F09
__ptext9                         text9        0E8B
__size_of___altoft               (abs)        0000
__size_of___awtoft               (abs)        0000
__size_of___ftadd                (abs)        0000
__size_of___ftdiv                (abs)        0000
__size_of___ftge                 (abs)        0000
__size_of___ftmul                (abs)        0000
__size_of___ftneg                (abs)        0000
__size_of___ftpack               (abs)        0000
__size_of___fttol                (abs)        0000
__size_of___wmul                 (abs)        0000
__size_of_debounceButtons        (abs)        0000
__size_of_flashLed               (abs)        0000
__size_of_frexp                  (abs)        0000
__size_of_initialise             (abs)        0000
__size_of_initializeADC          (abs)        0000
__size_of_initializeMotor        (abs)        0000
__size_of_initializeTimer0       (abs)        0000
__size_of_isr                    (abs)        0000
__size_of_lcdRefresh             (abs)        0000
__size_of_lcdSetCursor           (abs)        0000
__size_of_lcdWriteControl        (abs)        0000
__size_of_lcdWriteData           (abs)        0000
__size_of_lcdWriteToDigitBCD     (abs)        0000
__size_of_main                   (abs)        0000
__size_of_move                   (abs)        0000
__size_of_moveDeg                (abs)        0000
__size_of_readADCData            (abs)        0000
__size_of_readADCMeter           (abs)        0000
__size_of_round                  (abs)        0000
__size_of_setupLCD               (abs)        0000
__size_of_startADCConversion     (abs)        0000
__size_of_trunc                  (abs)        0000
_conversionDone                  bitbssCOMMON 0380
_cstep                           bssCOMMON    0077
_debounceButtons                 text31       0F53
_flashLed                        text30       0DB6
_frexp                           text9        0E8B
_halfSteps                       dataBANK1    00B9
_initialise                      text18       0E02
_initializeADC                   text27       0DA1
_initializeMotor                 text21       0DE6
_initializeTimer0                text20       0D4B
_irLcdCounter                    bssBANK1     00D7
_isr                             text28       0E41
_lcdRefresh                      text29       0D30
_lcdSetCursor                    text25       0D1D
_lcdWriteControl                 text26       0D8D
_lcdWriteData                    text23       0D7A
_lcdWriteToDigitBCD              text22       0678
_main                            maintext     04B2
_motorToggle                     bitbssCOMMON 0381
_move                            text14       05ED
_moveDeg                         text6        0238
_moveDeg$674                     cstackBANK1  00A1
_moveDeg$675                     cstackBANK1  00A4
_moveDeg$676                     cstackBANK1  00A7
_nrOfSteps                       bssBANK1     00D3
_pb0Pressed                      bitbssCOMMON 0382
_pb0Released                     bitbssCOMMON 0383
_pb1Pressed                      bitbssCOMMON 0384
_pb1Released                     bitbssCOMMON 0385
_pb2Pressed                      bitbssCOMMON 0386
_pb2Released                     bitbssCOMMON 0387
_pb3Pressed                      bitbssCOMMON 0388
_pb3Released                     bitbssCOMMON 0389
_pbCounter                       bssCOMMON    0078
_pbCounter2                      bssCOMMON    0079
_pbCounter3                      bssBANK1     00D8
_pbCounter4                      bssBANK1     00D9
_readADCData                     text3        0D5A
_readADCMeter                    text2        013E
_readADCMeter$677                cstackBANK1  00AC
_round                           text7        076E
_rtcCounter                      bssBANK1     00D5
_setupLCD                        text19       07CE
_startADCConversion              text1        0D3D
_trunc                           text8        0F09
_updateLcdIRData                 bitbssCOMMON 038A
btemp                            (abs)        007E
end_of_initialization            cinit        0031
frexp@eptr                       cstackBANK0  0023
frexp@value                      cstackBANK0  0020
init_fetch0                      inittext     0D69
init_ram0                        inittext     0D6D
interrupt_function               intentry     0004
intlevel0                        functab      0000
intlevel1                        functab      0000
intlevel2                        functab      0000
intlevel3                        functab      0000
intlevel4                        functab      0000
intlevel5                        functab      0000
lcdSetCursor@address             cstackBANK0  0023
lcdWriteControl@databyte         cstackBANK0  0022
lcdWriteData@databyte            cstackBANK0  0022
lcdWriteToDigitBCD@HundredDigit  cstackBANK0  002A
lcdWriteToDigitBCD@OnesDigit     cstackBANK0  002D
lcdWriteToDigitBCD@TensDigit     cstackBANK0  0029
lcdWriteToDigitBCD@ThousandDigit cstackBANK0  002B
lcdWriteToDigitBCD@data          cstackBANK0  0026
lcdWriteToDigitBCD@sign          cstackBANK0  002C
ltemp                            (abs)        007E
ltemp0                           (abs)        007E
ltemp1                           (abs)        0082
ltemp2                           (abs)        0086
ltemp3                           (abs)        0080
main@result                      cstackBANK1  00B5
main@resultInMeters              cstackBANK1  00B7
move@direction                   cstackBANK0  002F
move@i                           cstackBANK0  0033
move@steps                       cstackBANK0  0032
moveDeg@deg                      cstackBANK0  006D
moveDeg@stepsToMove              cstackBANK1  00AA
readADCData@ADCResult            cstackBANK0  0022
readADCMeter@k                   cstackBANK1  00A3
readADCMeter@m                   cstackBANK1  00A6
readADCMeter@raw                 cstackBANK1  00AF
readADCMeter@rawInverted         cstackBANK1  00A0
readADCMeter@result              cstackBANK1  00A9
readADCMeter@resultInInt         cstackBANK1  00B1
reset_vec                        reset_vec    0000
round@f                          cstackBANK0  006A
round@x                          cstackBANK0  0067
saved_w                          (abs)        007E
stackhi                          (abs)        0000
stacklo                          (abs)        0000
start                            init         0012
start_initialization             cinit        0015
trunc@expon                      cstackBANK0  0058
trunc@i                          cstackBANK0  0055
trunc@x                          cstackBANK0  0051
ttemp                            (abs)        007E
ttemp0                           (abs)        007E
ttemp1                           (abs)        0081
ttemp2                           (abs)        0084
ttemp3                           (abs)        0087
ttemp4                           (abs)        007F
wtemp                            (abs)        007E
wtemp0                           (abs)        007E
wtemp1                           (abs)        0080
wtemp2                           (abs)        0082
wtemp3                           (abs)        0084
wtemp4                           (abs)        0086
wtemp5                           (abs)        0088
wtemp6                           (abs)        007F


FUNCTION INFORMATION:

 *************** function _main *****************
 Defined at:
		line 44 in file "main.c"
 Parameters:    Size  Location     Type
		None
 Auto vars:     Size  Location     Type
  resultInMete    2   23[BANK1 ] int 
  result          2   21[BANK1 ] int 
 Return value:  Size  Location     Type
                  1    wreg      void 
 Registers used:
		wreg, fsr0l, fsr0h, status,2, status,0, btemp+1, pclath, cstack
 Tracked objects:
		On entry : 
		On exit  : 
		Unchanged: 
 Data sizes:     COMMON   BANK0   BANK1   BANK3   BANK2
      Params:         0       0       0       0       0
      Locals:         0       0       4       0       0
      Temps:          0       0       2       0       0
      Totals:         0       0       6       0       0
Total ram usage:        6 bytes
 Hardware stack levels required when called:    7
 This function calls:
		_initialise
		_lcdSetCursor
		_lcdWriteToDigitBCD
		_move
		_moveDeg
		_readADCData
		_readADCMeter
		_startADCConversion
 This function is called by:
		Startup code after reset
 This function uses a non-reentrant model


 *************** function _startADCConversion *****************
 Defined at:
		line 43 in file "adConv.c"
 Parameters:    Size  Location     Type
		None
 Auto vars:     Size  Location     Type
		None
 Return value:  Size  Location     Type
                  1    wreg      void 
 Registers used:
		wreg
 Tracked objects:
		On entry : 
		On exit  : 
		Unchanged: 
 Data sizes:     COMMON   BANK0   BANK1   BANK3   BANK2
      Params:         0       0       0       0       0
      Locals:         0       0       0       0       0
      Temps:          0       2       0       0       0
      Totals:         0       2       0       0       0
Total ram usage:        2 bytes
 Hardware stack levels used:    1
 Hardware stack levels required when called:    2
 This function calls:
		Nothing
 This function is called by:
		_main
 This function uses a non-reentrant model


 *************** function _readADCMeter *****************
 Defined at:
		line 34 in file "adConv.c"
 Parameters:    Size  Location     Type
		None
 Auto vars:     Size  Location     Type
  result          3    9[BANK1 ] void 
  m               3    6[BANK1 ] void 
  k               3    3[BANK1 ] void 
  rawInverted     3    0[BANK1 ] void 
  resultInInt     2   17[BANK1 ] int 
  raw             2   15[BANK1 ] int 
 Return value:  Size  Location     Type
                  2   77[BANK0 ] int 
 Registers used:
		wreg, fsr0l, fsr0h, status,2, status,0, btemp+1, pclath, cstack
 Tracked objects:
		On entry : 
		On exit  : 
		Unchanged: 
 Data sizes:     COMMON   BANK0   BANK1   BANK3   BANK2
      Params:         0       2       0       0       0
      Locals:         0       0      19       0       0
      Temps:          0       0       0       0       0
      Totals:         0       2      19       0       0
Total ram usage:       21 bytes
 Hardware stack levels used:    1
 Hardware stack levels required when called:    6
 This function calls:
		___awtoft
		___ftadd
		___ftdiv
		___ftmul
		___fttol
		_readADCData
		_round
 This function is called by:
		_main
 This function uses a non-reentrant model


 *************** function _readADCData *****************
 Defined at:
		line 28 in file "adConv.c"
 Parameters:    Size  Location     Type
		None
 Auto vars:     Size  Location     Type
  ADCResult       2    2[BANK0 ] int 
 Return value:  Size  Location     Type
                  2    0[BANK0 ] int 
 Registers used:
		wreg
 Tracked objects:
		On entry : 
		On exit  : 
		Unchanged: 
 Data sizes:     COMMON   BANK0   BANK1   BANK3   BANK2
      Params:         0       2       0       0       0
      Locals:         0       2       0       0       0
      Temps:          0       0       0       0       0
      Totals:         0       4       0       0       0
Total ram usage:        4 bytes
 Hardware stack levels used:    1
 Hardware stack levels required when called:    2
 This function calls:
		Nothing
 This function is called by:
		_main
		_readADCMeter
 This function uses a non-reentrant model


 *************** function ___ftmul *****************
 Defined at:
		line 62 in file "C:\Program Files (x86)\Microchip\xc8\v1.37\sources\common\ftmul.c"
 Parameters:    Size  Location     Type
  f1              3    8[BANK0 ] float 
  f2              3   11[BANK0 ] float 
 Auto vars:     Size  Location     Type
  f3_as_produc    3   19[BANK0 ] unsigned um
  sign            1   23[BANK0 ] unsigned char 
  cntr            1   22[BANK0 ] unsigned char 
  exp             1   18[BANK0 ] unsigned char 
 Return value:  Size  Location     Type
                  3    8[BANK0 ] float 
 Registers used:
		wreg, status,2, status,0, pclath, cstack
 Tracked objects:
		On entry : 
		On exit  : 
		Unchanged: 
 Data sizes:     COMMON   BANK0   BANK1   BANK3   BANK2
      Params:         0       6       0       0       0
      Locals:         0       6       0       0       0
      Temps:          0       4       0       0       0
      Totals:         0      16       0       0       0
Total ram usage:       16 bytes
 Hardware stack levels used:    1
 Hardware stack levels required when called:    3
 This function calls:
		___ftpack
 This function is called by:
		_readADCMeter
 This function uses a non-reentrant model


 *************** function ___awtoft *****************
 Defined at:
		line 32 in file "C:\Program Files (x86)\Microchip\xc8\v1.37\sources\common\awtoft.c"
 Parameters:    Size  Location     Type
  c               2    8[BANK0 ] int 
 Auto vars:     Size  Location     Type
  sign            1   13[BANK0 ] unsigned char 
 Return value:  Size  Location     Type
                  3    8[BANK0 ] float 
 Registers used:
		wreg, status,2, status,0, pclath, cstack
 Tracked objects:
		On entry : 
		On exit  : 
		Unchanged: 
 Data sizes:     COMMON   BANK0   BANK1   BANK3   BANK2
      Params:         0       3       0       0       0
      Locals:         0       1       0       0       0
      Temps:          0       2       0       0       0
      Totals:         0       6       0       0       0
Total ram usage:        6 bytes
 Hardware stack levels used:    1
 Hardware stack levels required when called:    3
 This function calls:
		___ftpack
 This function is called by:
		_readADCMeter
 This function uses a non-reentrant model


 *************** function _moveDeg *****************
 Defined at:
		line 63 in file "motor.c"
 Parameters:    Size  Location     Type
  deg             3   77[BANK0 ] float 
 Auto vars:     Size  Location     Type
  stepsToMove     1   10[BANK1 ] unsigned char 
 Return value:  Size  Location     Type
                  1    wreg      void 
 Registers used:
		wreg, fsr0l, fsr0h, status,2, status,0, btemp+1, pclath, cstack
 Tracked objects:
		On entry : 
		On exit  : 
		Unchanged: 
 Data sizes:     COMMON   BANK0   BANK1   BANK3   BANK2
      Params:         0       3       0       0       0
      Locals:         0       0      10       0       0
      Temps:          0       0       1       0       0
      Totals:         0       3      11       0       0
Total ram usage:       14 bytes
 Hardware stack levels used:    1
 Hardware stack levels required when called:    6
 This function calls:
		___ftdiv
		___ftge
		___ftneg
		___fttol
		_move
		_round
 This function is called by:
		_main
 This function uses a non-reentrant model


 *************** function _round *****************
 Defined at:
		line 6 in file "C:\Program Files (x86)\Microchip\xc8\v1.37\sources\common\round.c"
 Parameters:    Size  Location     Type
  x               3   71[BANK0 ] void 
 Auto vars:     Size  Location     Type
  f               3   74[BANK0 ] void 
 Return value:  Size  Location     Type
                  3   71[BANK0 ] void 
 Registers used:
		wreg, fsr0l, fsr0h, status,2, status,0, btemp+1, pclath, cstack
 Tracked objects:
		On entry : 
		On exit  : 
		Unchanged: 
 Data sizes:     COMMON   BANK0   BANK1   BANK3   BANK2
      Params:         0       3       0       0       0
      Locals:         0       3       0       0       0
      Temps:          0       0       0       0       0
      Totals:         0       6       0       0       0
Total ram usage:        6 bytes
 Hardware stack levels used:    1
 Hardware stack levels required when called:    5
 This function calls:
		___ftadd
		___ftneg
		_trunc
 This function is called by:
		_moveDeg
		_readADCMeter
 This function uses a non-reentrant model


 *************** function _trunc *****************
 Defined at:
		line 13 in file "C:\Program Files (x86)\Microchip\xc8\v1.37\sources\common\trunc.c"
 Parameters:    Size  Location     Type
  x               3   49[BANK0 ] void 
 Auto vars:     Size  Location     Type
  i               3   53[BANK0 ] void 
  expon           2   56[BANK0 ] int 
 Return value:  Size  Location     Type
                  3   49[BANK0 ] int 
 Registers used:
		wreg, fsr0l, fsr0h, status,2, status,0, btemp+1, pclath, cstack
 Tracked objects:
		On entry : 
		On exit  : 
		Unchanged: 
 Data sizes:     COMMON   BANK0   BANK1   BANK3   BANK2
      Params:         0       3       0       0       0
      Locals:         0       5       0       0       0
      Temps:          0       1       0       0       0
      Totals:         0       9       0       0       0
Total ram usage:        9 bytes
 Hardware stack levels used:    1
 Hardware stack levels required when called:    4
 This function calls:
		___altoft
		___fttol
		_frexp
 This function is called by:
		_round
 This function uses a non-reentrant model


 *************** function _frexp *****************
 Defined at:
		line 254 in file "C:\Program Files (x86)\Microchip\xc8\v1.37\sources\common\frexp.c"
 Parameters:    Size  Location     Type
  value           3    0[BANK0 ] int 
  eptr            1    3[BANK0 ] PTR int 
		 -> trunc@expon(2), 
 Auto vars:     Size  Location     Type
		None
 Return value:  Size  Location     Type
                  3    0[BANK0 ] PTR int 
 Registers used:
		wreg, fsr0l, fsr0h, status,2, status,0, btemp+1
 Tracked objects:
		On entry : 
		On exit  : 
		Unchanged: 
 Data sizes:     COMMON   BANK0   BANK1   BANK3   BANK2
      Params:         0       4       0       0       0
      Locals:         0       0       0       0       0
      Temps:          0       2       0       0       0
      Totals:         0       6       0       0       0
Total ram usage:        6 bytes
 Hardware stack levels used:    1
 Hardware stack levels required when called:    2
 This function calls:
		Nothing
 This function is called by:
		_trunc
 This function uses a non-reentrant model


 *************** function ___fttol *****************
 Defined at:
		line 44 in file "C:\Program Files (x86)\Microchip\xc8\v1.37\sources\common\fttol.c"
 Parameters:    Size  Location     Type
  f1              3   35[BANK0 ] float 
 Auto vars:     Size  Location     Type
  lval            4   44[BANK0 ] unsigned long 
  exp1            1   48[BANK0 ] unsigned char 
  sign1           1   43[BANK0 ] unsigned char 
 Return value:  Size  Location     Type
                  4   35[BANK0 ] long 
 Registers used:
		wreg, status,2, status,0
 Tracked objects:
		On entry : 
		On exit  : 
		Unchanged: 
 Data sizes:     COMMON   BANK0   BANK1   BANK3   BANK2
      Params:         0       4       0       0       0
      Locals:         0       6       0       0       0
      Temps:          0       4       0       0       0
      Totals:         0      14       0       0       0
Total ram usage:       14 bytes
 Hardware stack levels used:    1
 Hardware stack levels required when called:    2
 This function calls:
		Nothing
 This function is called by:
		_moveDeg
		_readADCMeter
		_trunc
 This function uses a non-reentrant model


 *************** function ___altoft *****************
 Defined at:
		line 42 in file "C:\Program Files (x86)\Microchip\xc8\v1.37\sources\common\altoft.c"
 Parameters:    Size  Location     Type
  c               4    8[BANK0 ] long 
 Auto vars:     Size  Location     Type
  sign            1   15[BANK0 ] unsigned char 
  exp             1   14[BANK0 ] unsigned char 
 Return value:  Size  Location     Type
                  3    8[BANK0 ] float 
 Registers used:
		wreg, status,2, status,0, pclath, cstack
 Tracked objects:
		On entry : 
		On exit  : 
		Unchanged: 
 Data sizes:     COMMON   BANK0   BANK1   BANK3   BANK2
      Params:         0       4       0       0       0
      Locals:         0       2       0       0       0
      Temps:          0       2       0       0       0
      Totals:         0       8       0       0       0
Total ram usage:        8 bytes
 Hardware stack levels used:    1
 Hardware stack levels required when called:    3
 This function calls:
		___ftpack
 This function is called by:
		_trunc
 This function uses a non-reentrant model


 *************** function ___ftneg *****************
 Defined at:
		line 15 in file "C:\Program Files (x86)\Microchip\xc8\v1.37\sources\common\ftneg.c"
 Parameters:    Size  Location     Type
  f1              3   16[BANK0 ] float 
 Auto vars:     Size  Location     Type
		None
 Return value:  Size  Location     Type
                  3   16[BANK0 ] float 
 Registers used:
		wreg
 Tracked objects:
		On entry : 
		On exit  : 
		Unchanged: 
 Data sizes:     COMMON   BANK0   BANK1   BANK3   BANK2
      Params:         0       3       0       0       0
      Locals:         0       0       0       0       0
      Temps:          0       0       0       0       0
      Totals:         0       3       0       0       0
Total ram usage:        3 bytes
 Hardware stack levels used:    1
 Hardware stack levels required when called:    2
 This function calls:
		Nothing
 This function is called by:
		_moveDeg
		_round
 This function uses a non-reentrant model


 *************** function ___ftadd *****************
 Defined at:
		line 86 in file "C:\Program Files (x86)\Microchip\xc8\v1.37\sources\common\ftadd.c"
 Parameters:    Size  Location     Type
  f1              3   58[BANK0 ] float 
  f2              3   61[BANK0 ] float 
 Auto vars:     Size  Location     Type
  exp1            1   70[BANK0 ] unsigned char 
  exp2            1   69[BANK0 ] unsigned char 
  sign            1   68[BANK0 ] unsigned char 
 Return value:  Size  Location     Type
                  3   58[BANK0 ] float 
 Registers used:
		wreg, status,2, status,0, pclath, cstack
 Tracked objects:
		On entry : 
		On exit  : 
		Unchanged: 
 Data sizes:     COMMON   BANK0   BANK1   BANK3   BANK2
      Params:         0       6       0       0       0
      Locals:         0       3       0       0       0
      Temps:          0       4       0       0       0
      Totals:         0      13       0       0       0
Total ram usage:       13 bytes
 Hardware stack levels used:    1
 Hardware stack levels required when called:    3
 This function calls:
		___ftpack
 This function is called by:
		_readADCMeter
		_round
 This function uses a non-reentrant model


 *************** function _move *****************
 Defined at:
		line 25 in file "motor.c"
 Parameters:    Size  Location     Type
  steps           1    wreg     unsigned char 
  direction       1   15[BANK0 ] unsigned char 
 Auto vars:     Size  Location     Type
  steps           1   18[BANK0 ] unsigned char 
  i               1   19[BANK0 ] unsigned char 
 Return value:  Size  Location     Type
                  1    wreg      void 
 Registers used:
		wreg, fsr0l, fsr0h, status,2, status,0, pclath, cstack
 Tracked objects:
		On entry : 
		On exit  : 
		Unchanged: 
 Data sizes:     COMMON   BANK0   BANK1   BANK3   BANK2
      Params:         0       1       0       0       0
      Locals:         0       2       0       0       0
      Temps:          0       2       0       0       0
      Totals:         0       5       0       0       0
Total ram usage:        5 bytes
 Hardware stack levels used:    1
 Hardware stack levels required when called:    4
 This function calls:
		_lcdSetCursor
		_lcdWriteToDigitBCD
 This function is called by:
		_main
		_moveDeg
 This function uses a non-reentrant model


 *************** function ___ftge *****************
 Defined at:
		line 4 in file "C:\Program Files (x86)\Microchip\xc8\v1.37\sources\common\ftge.c"
 Parameters:    Size  Location     Type
  ff1             3    0[BANK0 ] float 
  ff2             3    3[BANK0 ] float 
 Auto vars:     Size  Location     Type
		None
 Return value:  Size  Location     Type
		None               void
 Registers used:
		wreg, status,2, status,0
 Tracked objects:
		On entry : 
		On exit  : 
		Unchanged: 
 Data sizes:     COMMON   BANK0   BANK1   BANK3   BANK2
      Params:         0       6       0       0       0
      Locals:         0       0       0       0       0
      Temps:          0       6       0       0       0
      Totals:         0      12       0       0       0
Total ram usage:       12 bytes
 Hardware stack levels used:    1
 Hardware stack levels required when called:    2
 This function calls:
		Nothing
 This function is called by:
		_moveDeg
 This function uses a non-reentrant model


 *************** function ___ftdiv *****************
 Defined at:
		line 56 in file "C:\Program Files (x86)\Microchip\xc8\v1.37\sources\common\ftdiv.c"
 Parameters:    Size  Location     Type
  f2              3   19[BANK0 ] float 
  f1              3   22[BANK0 ] float 
 Auto vars:     Size  Location     Type
  f3              3   30[BANK0 ] float 
  sign            1   34[BANK0 ] unsigned char 
  exp             1   33[BANK0 ] unsigned char 
  cntr            1   29[BANK0 ] unsigned char 
 Return value:  Size  Location     Type
                  3   19[BANK0 ] float 
 Registers used:
		wreg, status,2, status,0, pclath, cstack
 Tracked objects:
		On entry : 
		On exit  : 
		Unchanged: 
 Data sizes:     COMMON   BANK0   BANK1   BANK3   BANK2
      Params:         0       6       0       0       0
      Locals:         0       6       0       0       0
      Temps:          0       4       0       0       0
      Totals:         0      16       0       0       0
Total ram usage:       16 bytes
 Hardware stack levels used:    1
 Hardware stack levels required when called:    3
 This function calls:
		___ftpack
 This function is called by:
		_moveDeg
		_readADCMeter
 This function uses a non-reentrant model


 *************** function ___ftpack *****************
 Defined at:
		line 62 in file "C:\Program Files (x86)\Microchip\xc8\v1.37\sources\common\float.c"
 Parameters:    Size  Location     Type
  arg             3    0[BANK0 ] unsigned um
  exp             1    3[BANK0 ] unsigned char 
  sign            1    4[BANK0 ] unsigned char 
 Auto vars:     Size  Location     Type
		None
 Return value:  Size  Location     Type
                  3    0[BANK0 ] float 
 Registers used:
		wreg, status,2, status,0
 Tracked objects:
		On entry : 
		On exit  : 
		Unchanged: 
 Data sizes:     COMMON   BANK0   BANK1   BANK3   BANK2
      Params:         0       5       0       0       0
      Locals:         0       0       0       0       0
      Temps:          0       3       0       0       0
      Totals:         0       8       0       0       0
Total ram usage:        8 bytes
 Hardware stack levels used:    1
 Hardware stack levels required when called:    2
 This function calls:
		Nothing
 This function is called by:
		___altoft
		___awtoft
		___ftadd
		___ftdiv
		___ftmul
 This function uses a non-reentrant model


 *************** function _initialise *****************
 Defined at:
		line 26 in file "main.c"
 Parameters:    Size  Location     Type
		None
 Auto vars:     Size  Location     Type
		None
 Return value:  Size  Location     Type
                  1    wreg      void 
 Registers used:
		wreg, status,2, status,0, pclath, cstack
 Tracked objects:
		On entry : 
		On exit  : 
		Unchanged: 
 Data sizes:     COMMON   BANK0   BANK1   BANK3   BANK2
      Params:         0       0       0       0       0
      Locals:         0       0       0       0       0
      Temps:          0       0       0       0       0
      Totals:         0       0       0       0       0
Total ram usage:        0 bytes
 Hardware stack levels used:    1
 Hardware stack levels required when called:    5
 This function calls:
		_initializeADC
		_initializeMotor
		_initializeTimer0
		_setupLCD
 This function is called by:
		_main
 This function uses a non-reentrant model


 *************** function _setupLCD *****************
 Defined at:
		line 78 in file "lcd.c"
 Parameters:    Size  Location     Type
		None
 Auto vars:     Size  Location     Type
		None
 Return value:  Size  Location     Type
                  1    wreg      void 
 Registers used:
		wreg, status,2, status,0, pclath, cstack
 Tracked objects:
		On entry : 
		On exit  : 
		Unchanged: 
 Data sizes:     COMMON   BANK0   BANK1   BANK3   BANK2
      Params:         0       0       0       0       0
      Locals:         0       0       0       0       0
      Temps:          0       0       0       0       0
      Totals:         0       0       0       0       0
Total ram usage:        0 bytes
 Hardware stack levels used:    1
 Hardware stack levels required when called:    3
 This function calls:
		_lcdWriteControl
 This function is called by:
		_initialise
 This function uses a non-reentrant model


 *************** function _initializeTimer0 *****************
 Defined at:
		line 7 in file "timer0.c"
 Parameters:    Size  Location     Type
		None
 Auto vars:     Size  Location     Type
		None
 Return value:  Size  Location     Type
                  1    wreg      void 
 Registers used:
		wreg
 Tracked objects:
		On entry : 
		On exit  : 
		Unchanged: 
 Data sizes:     COMMON   BANK0   BANK1   BANK3   BANK2
      Params:         0       0       0       0       0
      Locals:         0       0       0       0       0
      Temps:          0       0       0       0       0
      Totals:         0       0       0       0       0
Total ram usage:        0 bytes
 Hardware stack levels used:    1
 Hardware stack levels required when called:    2
 This function calls:
		Nothing
 This function is called by:
		_initialise
 This function uses a non-reentrant model


 *************** function _initializeMotor *****************
 Defined at:
		line 19 in file "motor.c"
 Parameters:    Size  Location     Type
		None
 Auto vars:     Size  Location     Type
		None
 Return value:  Size  Location     Type
                  2   28[None  ] int 
 Registers used:
		wreg, status,2, status,0, pclath, cstack
 Tracked objects:
		On entry : 
		On exit  : 
		Unchanged: 
 Data sizes:     COMMON   BANK0   BANK1   BANK3   BANK2
      Params:         0       0       0       0       0
      Locals:         0       0       0       0       0
      Temps:          0       0       0       0       0
      Totals:         0       0       0       0       0
Total ram usage:        0 bytes
 Hardware stack levels used:    1
 Hardware stack levels required when called:    4
 This function calls:
		_lcdSetCursor
		_lcdWriteToDigitBCD
 This function is called by:
		_initialise
 This function uses a non-reentrant model


 *************** function _lcdWriteToDigitBCD *****************
 Defined at:
		line 39 in file "lcd.c"
 Parameters:    Size  Location     Type
  data            2    6[BANK0 ] int 
 Auto vars:     Size  Location     Type
  OnesDigit       2   13[BANK0 ] unsigned int 
  sign            1   12[BANK0 ] char 
  ThousandDigi    1   11[BANK0 ] unsigned char 
  HundredDigit    1   10[BANK0 ] unsigned char 
  TensDigit       1    9[BANK0 ] unsigned char 
 Return value:  Size  Location     Type
                  1    wreg      void 
 Registers used:
		wreg, status,2, status,0, pclath, cstack
 Tracked objects:
		On entry : 
		On exit  : 
		Unchanged: 
 Data sizes:     COMMON   BANK0   BANK1   BANK3   BANK2
      Params:         0       2       0       0       0
      Locals:         0       6       0       0       0
      Temps:          0       1       0       0       0
      Totals:         0       9       0       0       0
Total ram usage:        9 bytes
 Hardware stack levels used:    1
 Hardware stack levels required when called:    3
 This function calls:
		___wmul
		_lcdWriteData
 This function is called by:
		_main
		_initializeMotor
		_move
 This function uses a non-reentrant model


 *************** function _lcdWriteData *****************
 Defined at:
		line 17 in file "lcd.c"
 Parameters:    Size  Location     Type
  databyte        1    wreg     unsigned char 
 Auto vars:     Size  Location     Type
  databyte        1    2[BANK0 ] unsigned char 
 Return value:  Size  Location     Type
                  1    wreg      void 
 Registers used:
		wreg
 Tracked objects:
		On entry : 
		On exit  : 
		Unchanged: 
 Data sizes:     COMMON   BANK0   BANK1   BANK3   BANK2
      Params:         0       0       0       0       0
      Locals:         0       1       0       0       0
      Temps:          0       2       0       0       0
      Totals:         0       3       0       0       0
Total ram usage:        3 bytes
 Hardware stack levels used:    1
 Hardware stack levels required when called:    2
 This function calls:
		Nothing
 This function is called by:
		_lcdWriteToDigitBCD
		_lcdWriteString
 This function uses a non-reentrant model


 *************** function ___wmul *****************
 Defined at:
		line 15 in file "C:\Program Files (x86)\Microchip\xc8\v1.37\sources\common\Umul16.c"
 Parameters:    Size  Location     Type
  multiplier      2    0[BANK0 ] unsigned int 
  multiplicand    2    2[BANK0 ] unsigned int 
 Auto vars:     Size  Location     Type
  product         2    4[BANK0 ] unsigned int 
 Return value:  Size  Location     Type
                  2    0[BANK0 ] unsigned int 
 Registers used:
		wreg, status,2, status,0
 Tracked objects:
		On entry : 
		On exit  : 
		Unchanged: 
 Data sizes:     COMMON   BANK0   BANK1   BANK3   BANK2
      Params:         0       4       0       0       0
      Locals:         0       2       0       0       0
      Temps:          0       0       0       0       0
      Totals:         0       6       0       0       0
Total ram usage:        6 bytes
 Hardware stack levels used:    1
 Hardware stack levels required when called:    2
 This function calls:
		Nothing
 This function is called by:
		_lcdWriteToDigitBCD
 This function uses a non-reentrant model


 *************** function _lcdSetCursor *****************
 Defined at:
		line 28 in file "lcd.c"
 Parameters:    Size  Location     Type
  address         1    wreg     unsigned char 
 Auto vars:     Size  Location     Type
  address         1    3[BANK0 ] unsigned char 
 Return value:  Size  Location     Type
                  1    wreg      void 
 Registers used:
		wreg, status,2, status,0, pclath, cstack
 Tracked objects:
		On entry : 
		On exit  : 
		Unchanged: 
 Data sizes:     COMMON   BANK0   BANK1   BANK3   BANK2
      Params:         0       0       0       0       0
      Locals:         0       1       0       0       0
      Temps:          0       0       0       0       0
      Totals:         0       1       0       0       0
Total ram usage:        1 bytes
 Hardware stack levels used:    1
 Hardware stack levels required when called:    3
 This function calls:
		_lcdWriteControl
 This function is called by:
		_main
		_initializeMotor
		_move
 This function uses a non-reentrant model


 *************** function _lcdWriteControl *****************
 Defined at:
		line 6 in file "lcd.c"
 Parameters:    Size  Location     Type
  databyte        1    wreg     unsigned char 
 Auto vars:     Size  Location     Type
  databyte        1    2[BANK0 ] unsigned char 
 Return value:  Size  Location     Type
                  1    wreg      void 
 Registers used:
		wreg
 Tracked objects:
		On entry : 
		On exit  : 
		Unchanged: 
 Data sizes:     COMMON   BANK0   BANK1   BANK3   BANK2
      Params:         0       0       0       0       0
      Locals:         0       1       0       0       0
      Temps:          0       2       0       0       0
      Totals:         0       3       0       0       0
Total ram usage:        3 bytes
 Hardware stack levels used:    1
 Hardware stack levels required when called:    2
 This function calls:
		Nothing
 This function is called by:
		_lcdSetCursor
		_setupLCD
 This function uses a non-reentrant model


 *************** function _initializeADC *****************
 Defined at:
		line 5 in file "adConv.c"
 Parameters:    Size  Location     Type
		None
 Auto vars:     Size  Location     Type
		None
 Return value:  Size  Location     Type
                  1    wreg      void 
 Registers used:
		wreg
 Tracked objects:
		On entry : 
		On exit  : 
		Unchanged: 
 Data sizes:     COMMON   BANK0   BANK1   BANK3   BANK2
      Params:         0       0       0       0       0
      Locals:         0       0       0       0       0
      Temps:          0       0       0       0       0
      Totals:         0       0       0       0       0
Total ram usage:        0 bytes
 Hardware stack levels used:    1
 Hardware stack levels required when called:    2
 This function calls:
		Nothing
 This function is called by:
		_initialise
 This function uses a non-reentrant model


 *************** function _isr *****************
 Defined at:
		line 13 in file "main.c"
 Parameters:    Size  Location     Type
		None
 Auto vars:     Size  Location     Type
		None
 Return value:  Size  Location     Type
                  1    wreg      void 
 Registers used:
		wreg, status,2, status,0, pclath, cstack
 Tracked objects:
		On entry : 
		On exit  : 
		Unchanged: 
 Data sizes:     COMMON   BANK0   BANK1   BANK3   BANK2
      Params:         0       0       0       0       0
      Locals:         0       0       0       0       0
      Temps:          4       0       0       0       0
      Totals:         4       0       0       0       0
Total ram usage:        4 bytes
 Hardware stack levels used:    1
 Hardware stack levels required when called:    1
 This function calls:
		_debounceButtons
		_flashLed
		_lcdRefresh
 This function is called by:
		Interrupt level 1
 This function uses a non-reentrant model


 *************** function _lcdRefresh *****************
 Defined at:
		line 22 in file "timer0.c"
 Parameters:    Size  Location     Type
		None
 Auto vars:     Size  Location     Type
		None
 Return value:  Size  Location     Type
                  1    wreg      void 
 Registers used:
		wreg, status,2, status,0
 Tracked objects:
		On entry : 
		On exit  : 
		Unchanged: 
 Data sizes:     COMMON   BANK0   BANK1   BANK3   BANK2
      Params:         0       0       0       0       0
      Locals:         0       0       0       0       0
      Temps:          1       0       0       0       0
      Totals:         1       0       0       0       0
Total ram usage:        1 bytes
 Hardware stack levels used:    1
 This function calls:
		Nothing
 This function is called by:
		_isr
 This function uses a non-reentrant model


 *************** function _flashLed *****************
 Defined at:
		line 30 in file "timer0.c"
 Parameters:    Size  Location     Type
		None
 Auto vars:     Size  Location     Type
		None
 Return value:  Size  Location     Type
                  1    wreg      void 
 Registers used:
		wreg, status,2, status,0
 Tracked objects:
		On entry : 
		On exit  : 
		Unchanged: 
 Data sizes:     COMMON   BANK0   BANK1   BANK3   BANK2
      Params:         0       0       0       0       0
      Locals:         0       0       0       0       0
      Temps:          0       0       0       0       0
      Totals:         0       0       0       0       0
Total ram usage:        0 bytes
 Hardware stack levels used:    1
 This function calls:
		Nothing
 This function is called by:
		_isr
 This function uses a non-reentrant model


 *************** function _debounceButtons *****************
 Defined at:
		line 38 in file "timer0.c"
 Parameters:    Size  Location     Type
		None
 Auto vars:     Size  Location     Type
		None
 Return value:  Size  Location     Type
                  1    wreg      void 
 Registers used:
		wreg, status,2, status,0
 Tracked objects:
		On entry : 
		On exit  : 
		Unchanged: 
 Data sizes:     COMMON   BANK0   BANK1   BANK3   BANK2
      Params:         0       0       0       0       0
      Locals:         0       0       0       0       0
      Temps:          1       0       0       0       0
      Totals:         1       0       0       0       0
Total ram usage:        1 bytes
 Hardware stack levels used:    1
 This function calls:
		Nothing
 This function is called by:
		_isr
 This function uses a non-reentrant model



MODULE INFORMATION

Module		Function		Class		Link	Load	Size
C:\Program Files (x86)\Microchip\xc8\v1.37\sources\common\altoft.c
		___altoft      		CODE           	0EC7	0000	67

C:\Program Files (x86)\Microchip\xc8\v1.37\sources\common\altoft.c estimated size: 67

C:\Program Files (x86)\Microchip\xc8\v1.37\sources\common\ftdiv.c
		___ftdiv       		CODE           	03FA	0000	185

C:\Program Files (x86)\Microchip\xc8\v1.37\sources\common\ftdiv.c estimated size: 185

C:\Program Files (x86)\Microchip\xc8\v1.37\sources\common\ftge.c
		___ftge        		CODE           	0FA1	0000	96

C:\Program Files (x86)\Microchip\xc8\v1.37\sources\common\ftge.c estimated size: 96

C:\Program Files (x86)\Microchip\xc8\v1.37\sources\common\fttol.c
		___fttol       		CODE           	055F	0000	143

C:\Program Files (x86)\Microchip\xc8\v1.37\sources\common\fttol.c estimated size: 143

C:\Program Files (x86)\Microchip\xc8\v1.37\sources\common\Umul16.c
		___wmul        		CODE           	0E1E	0000	36

C:\Program Files (x86)\Microchip\xc8\v1.37\sources\common\Umul16.c estimated size: 36

C:\Program Files (x86)\Microchip\xc8\v1.37\sources\common\ftadd.c
		___ftadd       		CODE           	0035	0000	266

C:\Program Files (x86)\Microchip\xc8\v1.37\sources\common\ftadd.c estimated size: 266

timer0.c
		_flashLed      		CODE           	0DB6	0000	25
		_lcdRefresh    		CODE           	0D30	0000	14
		_initializeTimer0		CODE           	0D4B	0000	16
		_debounceButtons		CODE           	0F53	0000	79

timer0.c estimated size: 134

C:\Program Files (x86)\Microchip\xc8\v1.37\sources\common\trunc.c
		_trunc         		CODE           	0F09	0000	75

C:\Program Files (x86)\Microchip\xc8\v1.37\sources\common\trunc.c estimated size: 75

adConv.c
		_startADCConversion		CODE           	0D3D	0000	15
		_initializeADC 		CODE           	0DA1	0000	22
		_readADCData   		CODE           	0D5A	0000	16
		_readADCMeter  		CODE           	013E	0000	251

adConv.c estimated size: 304

motor.c
		_initializeMotor		CODE           	0DE6	0000	29
		_move          		CODE           	05ED	0000	140
		_moveDeg       		CODE           	0238	0000	240

motor.c estimated size: 409

C:\Program Files (x86)\Microchip\xc8\v1.37\sources\common\ftneg.c
		___ftneg       		CODE           	0D26	0000	11

C:\Program Files (x86)\Microchip\xc8\v1.37\sources\common\ftneg.c estimated size: 11

shared
		__initialization		CODE           	0015	0000	29

shared estimated size: 29

C:\Program Files (x86)\Microchip\xc8\v1.37\sources\common\round.c
		_round         		CODE           	076E	0000	97

C:\Program Files (x86)\Microchip\xc8\v1.37\sources\common\round.c estimated size: 97

C:\Program Files (x86)\Microchip\xc8\v1.37\sources\common\awtoft.c
		___awtoft      		CODE           	0E66	0000	38

C:\Program Files (x86)\Microchip\xc8\v1.37\sources\common\awtoft.c estimated size: 38

lcd.c
		_setupLCD      		CODE           	07CE	0000	44
		_lcdSetCursor  		CODE           	0D1D	0000	10
		_lcdWriteControl		CODE           	0D8D	0000	21
		_lcdWriteData  		CODE           	0D7A	0000	20
		_lcdWriteToDigitBCD		CODE           	0678	0000	137

lcd.c estimated size: 232

C:\Program Files (x86)\Microchip\xc8\v1.37\sources\common\frexp.c
		_frexp         		CODE           	0E8B	0000	61

C:\Program Files (x86)\Microchip\xc8\v1.37\sources\common\frexp.c estimated size: 61

C:\Program Files (x86)\Microchip\xc8\v1.37\sources\common\float.c
		___ftpack      		CODE           	0700	0000	111

C:\Program Files (x86)\Microchip\xc8\v1.37\sources\common\float.c estimated size: 111

main.c
		_main          		CODE           	04B2	0000	174
		_isr           		CODE           	0E41	0000	38
		_initialise    		CODE           	0E02	0000	29

main.c estimated size: 241

C:\Program Files (x86)\Microchip\xc8\v1.37\sources\common\ftmul.c
		___ftmul       		CODE           	0327	0000	212

C:\Program Files (x86)\Microchip\xc8\v1.37\sources\common\ftmul.c estimated size: 212

